======================================================================
Starting Resilient cURL Download Pipeline
======================================================================
----------------------------------------------------
Processing: CNRM-CM6-1 | historical | rsds
Links verified. Downloading NetCDF files via cURL...
 -> Target: EN">
curl: (3) URL rejected: Malformed input to a URL function
 -> Target: <html><head>
curl: (3) URL rejected: Bad hostname
 -> Target: title>
curl: (3) URL rejected: Malformed input to a URL function
 -> Target: head><body>
curl: (3) URL rejected: Bad hostname
 -> Target: h1>
curl: (3) URL rejected: Bad hostname
 -> Target: p>
curl: (3) URL rejected: Malformed input to a URL function
 -> Target: html>
curl: (3) URL rejected: Bad hostname
----------------------------------------------------
Processing: CNRM-CM6-1 | historical | clt
Links verified. Downloading NetCDF files via cURL...
 -> Target: EN">
curl: (3) URL rejected: Malformed input to a URL function
 -> Target: <html><head>
curl: (3) URL rejected: Bad hostname
 -> Target: title>
curl: (3) URL rejected: Malformed input to a URL function
 -> Target: head><body>
curl: (3) URL rejected: Bad hostname
 -> Target: h1>
curl: (3) URL rejected: Bad hostname
 -> Target: p>
curl: (3) URL rejected: Malformed input to a URL function
 -> Target: html>
curl: (3) URL rejected: Bad hostname
----------------------------------------------------
Processing: CNRM-CM6-1 | historical | huss
Links verified. Downloading NetCDF files via cURL...
 -> Target: EN">
curl: (3) URL rejected: Malformed input to a URL function
 -> Target: <html><head>
curl: (3) URL rejected: Bad hostname
 -> Target: title>
curl: (3) URL rejected: Malformed input to a URL function
 -> Target: head><body>
curl: (3) URL rejected: Bad hostname
 -> Target: h1>
curl: (3) URL rejected: Bad hostname
 -> Target: p>
curl: (3) URL rejected: Malformed input to a URL function
 -> Target: html>
curl: (3) URL rejected: Bad hostname
----------------------------------------------------
Processing: CNRM-CM6-1 | historical | tas
Links verified. Downloading NetCDF files via cURL...
 -> Target: EN">
curl: (3) URL rejected: Malformed input to a URL function
 -> Target: <html><head>
curl: (3) URL rejected: Bad hostname
 -> Target: title>
curl: (3) URL rejected: Malformed input to a URL function
 -> Target: head><body>
curl: (3) URL rejected: Bad hostname
 -> Target: h1>
curl: (3) URL rejected: Bad hostname
 -> Target: p>
curl: (3) URL rejected: Malformed input to a URL function
 -> Target: html>
curl: (3) URL rejected: Bad hostname
----------------------------------------------------
Processing: CNRM-CM6-1 | historical | ps
Links verified. Downloading NetCDF files via cURL...
 -> Target: EN">
curl: (3) URL rejected: Malformed input to a URL function
 -> Target: <html><head>
curl: (3) URL rejected: Bad hostname
 -> Target: title>
curl: (3) URL rejected: Malformed input to a URL function
 -> Target: head><body>
curl: (3) URL rejected: Bad hostname
 -> Target: h1>
curl: (3) URL rejected: Bad hostname
 -> Target: p>
curl: (3) URL rejected: Malformed input to a URL function
 -> Target: html>
curl: (3) URL rejected: Bad hostname
----------------------------------------------------
Processing: CNRM-CM6-1 | historical | od550aer
Links verified. Downloading NetCDF files via cURL...
 -> Target: EN">
curl: (3) URL rejected: Malformed input to a URL function
 -> Target: <html><head>
curl: (3) URL rejected: Bad hostname
 -> Target: title>
curl: (3) URL rejected: Malformed input to a URL function
 -> Target: head><body>
curl: (3) URL rejected: Bad hostname
 -> Target: h1>
curl: (3) URL rejected: Bad hostname
 -> Target: p>
curl: (3) URL rejected: Malformed input to a URL function
 -> Target: html>
curl: (3) URL rejected: Bad hostname
----------------------------------------------------
Processing: CNRM-CM6-1 | ssp245 | rsds
Links verified. Downloading NetCDF files via cURL...
 -> Target: EN">
curl: (3) URL rejected: Malformed input to a URL function
 -> Target: <html><head>
curl: (3) URL rejected: Bad hostname
 -> Target: title>
curl: (3) URL rejected: Malformed input to a URL function
 -> Target: head><body>
curl: (3) URL rejected: Bad hostname
 -> Target: h1>
curl: (3) URL rejected: Bad hostname
 -> Target: p>
curl: (3) URL rejected: Malformed input to a URL function
 -> Target: html>
curl: (3) URL rejected: Bad hostname
----------------------------------------------------
Processing: CNRM-CM6-1 | ssp245 | clt
Links verified. Downloading NetCDF files via cURL...
 -> Target: EN">
curl: (3) URL rejected: Malformed input to a URL function
 -> Target: <html><head>
curl: (3) URL rejected: Bad hostname
 -> Target: title>
curl: (3) URL rejected: Malformed input to a URL function
 -> Target: head><body>
curl: (3) URL rejected: Bad hostname
 -> Target: h1>
curl: (3) URL rejected: Bad hostname
 -> Target: p>
curl: (3) URL rejected: Malformed input to a URL function
 -> Target: html>
curl: (3) URL rejected: Bad hostname
----------------------------------------------------
Processing: CNRM-CM6-1 | ssp245 | huss
Links verified. Downloading NetCDF files via cURL...
 -> Target: EN">
curl: (3) URL rejected: Malformed input to a URL function
 -> Target: <html><head>
curl: (3) URL rejected: Bad hostname
 -> Target: title>
curl: (3) URL rejected: Malformed input to a URL function
 -> Target: head><body>
curl: (3) URL rejected: Bad hostname
 -> Target: h1>
curl: (3) URL rejected: Bad hostname
 -> Target: p>
curl: (3) URL rejected: Malformed input to a URL function
 -> Target: html>
curl: (3) URL rejected: Bad hostname
----------------------------------------------------
Processing: CNRM-CM6-1 | ssp245 | tas
Links verified. Downloading NetCDF files via cURL...
 -> Target: EN">
curl: (3) URL rejected: Malformed input to a URL function
 -> Target: <html><head>
curl: (3) URL rejected: Bad hostname
 -> Target: title>
curl: (3) URL rejected: Malformed input to a URL function
 -> Target: head><body>
curl: (3) URL rejected: Bad hostname
 -> Target: h1>
curl: (3) URL rejected: Bad hostname
 -> Target: p>
curl: (3) URL rejected: Malformed input to a URL function
 -> Target: html>
curl: (3) URL rejected: Bad hostname
----------------------------------------------------
Processing: CNRM-CM6-1 | ssp245 | ps
Links verified. Downloading NetCDF files via cURL...
 -> Target: EN">
curl: (3) URL rejected: Malformed input to a URL function
 -> Target: <html><head>
curl: (3) URL rejected: Bad hostname
 -> Target: title>
curl: (3) URL rejected: Malformed input to a URL function
 -> Target: head><body>
curl: (3) URL rejected: Bad hostname
 -> Target: h1>
curl: (3) URL rejected: Bad hostname
 -> Target: p>
curl: (3) URL rejected: Malformed input to a URL function
 -> Target: html>
curl: (3) URL rejected: Bad hostname
----------------------------------------------------
Processing: CNRM-CM6-1 | ssp245 | od550aer
Links verified. Downloading NetCDF files via cURL...
 -> Target: EN">
curl: (3) URL rejected: Malformed input to a URL function
 -> Target: <html><head>
curl: (3) URL rejected: Bad hostname
 -> Target: title>
curl: (3) URL rejected: Malformed input to a URL function
 -> Target: head><body>
curl: (3) URL rejected: Bad hostname
 -> Target: h1>
curl: (3) URL rejected: Bad hostname
 -> Target: p>
curl: (3) URL rejected: Malformed input to a URL function
 -> Target: html>
curl: (3) URL rejected: Bad hostname
----------------------------------------------------
Processing: CNRM-CM6-1 | ssp585 | rsds
Links verified. Downloading NetCDF files via cURL...
 -> Target: EN">
curl: (3) URL rejected: Malformed input to a URL function
 -> Target: <html><head>
curl: (3) URL rejected: Bad hostname
 -> Target: title>
curl: (3) URL rejected: Malformed input to a URL function
 -> Target: head><body>
curl: (3) URL rejected: Bad hostname
 -> Target: h1>
curl: (3) URL rejected: Bad hostname
 -> Target: p>
curl: (3) URL rejected: Malformed input to a URL function
 -> Target: html>
curl: (3) URL rejected: Bad hostname
----------------------------------------------------
Processing: CNRM-CM6-1 | ssp585 | clt
Links verified. Downloading NetCDF files via cURL...
 -> Target: EN">
curl: (3) URL rejected: Malformed input to a URL function
 -> Target: <html><head>
curl: (3) URL rejected: Bad hostname
 -> Target: title>
curl: (3) URL rejected: Malformed input to a URL function
 -> Target: head><body>
curl: (3) URL rejected: Bad hostname
 -> Target: h1>
curl: (3) URL rejected: Bad hostname
 -> Target: p>
curl: (3) URL rejected: Malformed input to a URL function
 -> Target: html>
curl: (3) URL rejected: Bad hostname
----------------------------------------------------
Processing: CNRM-CM6-1 | ssp585 | huss
Links verified. Downloading NetCDF files via cURL...
 -> Target: EN">
curl: (3) URL rejected: Malformed input to a URL function
 -> Target: <html><head>
curl: (3) URL rejected: Bad hostname
 -> Target: title>
curl: (3) URL rejected: Malformed input to a URL function
 -> Target: head><body>
curl: (3) URL rejected: Bad hostname
 -> Target: h1>
curl: (3) URL rejected: Bad hostname
 -> Target: p>
curl: (3) URL rejected: Malformed input to a URL function
 -> Target: html>
curl: (3) URL rejected: Bad hostname
----------------------------------------------------
Processing: CNRM-CM6-1 | ssp585 | tas
Links verified. Downloading NetCDF files via cURL...
 -> Target: EN">
curl: (3) URL rejected: Malformed input to a URL function
 -> Target: <html><head>
curl: (3) URL rejected: Bad hostname
 -> Target: title>
curl: (3) URL rejected: Malformed input to a URL function
 -> Target: head><body>
curl: (3) URL rejected: Bad hostname
 -> Target: h1>
curl: (3) URL rejected: Bad hostname
 -> Target: p>
curl: (3) URL rejected: Malformed input to a URL function
 -> Target: html>
curl: (3) URL rejected: Bad hostname
----------------------------------------------------
Processing: CNRM-CM6-1 | ssp585 | ps
Links verified. Downloading NetCDF files via cURL...
 -> Target: EN">
curl: (3) URL rejected: Malformed input to a URL function
 -> Target: <html><head>
curl: (3) URL rejected: Bad hostname
 -> Target: title>
curl: (3) URL rejected: Malformed input to a URL function
 -> Target: head><body>
curl: (3) URL rejected: Bad hostname
 -> Target: h1>
curl: (3) URL rejected: Bad hostname
 -> Target: p>
curl: (3) URL rejected: Malformed input to a URL function
 -> Target: html>
curl: (3) URL rejected: Bad hostname
----------------------------------------------------
Processing: CNRM-CM6-1 | ssp585 | od550aer
Links verified. Downloading NetCDF files via cURL...
 -> Target: EN">
curl: (3) URL rejected: Malformed input to a URL function
 -> Target: <html><head>
curl: (3) URL rejected: Bad hostname
 -> Target: title>
curl: (3) URL rejected: Malformed input to a URL function
 -> Target: head><body>
curl: (3) URL rejected: Bad hostname
 -> Target: h1>
curl: (3) URL rejected: Bad hostname
 -> Target: p>
curl: (3) URL rejected: Malformed input to a URL function
 -> Target: html>
curl: (3) URL rejected: Bad hostname
----------------------------------------------------
Processing: MPI-ESM1-2-HR | historical | rsds
Links verified. Downloading NetCDF files via cURL...
 -> Target: EN">
curl: (3) URL rejected: Malformed input to a URL function
 -> Target: <html><head>
curl: (3) URL rejected: Bad hostname
 -> Target: title>
curl: (3) URL rejected: Malformed input to a URL function
 -> Target: head><body>
curl: (3) URL rejected: Bad hostname
 -> Target: h1>
curl: (3) URL rejected: Bad hostname
 -> Target: p>
curl: (3) URL rejected: Malformed input to a URL function
 -> Target: html>
curl: (3) URL rejected: Bad hostname
----------------------------------------------------
Processing: MPI-ESM1-2-HR | historical | clt
Links verified. Downloading NetCDF files via cURL...
 -> Target: EN">
curl: (3) URL rejected: Malformed input to a URL function
 -> Target: <html><head>
curl: (3) URL rejected: Bad hostname
 -> Target: title>
curl: (3) URL rejected: Malformed input to a URL function
 -> Target: head><body>
curl: (3) URL rejected: Bad hostname
 -> Target: h1>
curl: (3) URL rejected: Bad hostname
 -> Target: p>
curl: (3) URL rejected: Malformed input to a URL function
 -> Target: html>
curl: (3) URL rejected: Bad hostname
----------------------------------------------------
Processing: MPI-ESM1-2-HR | historical | huss
Links verified. Downloading NetCDF files via cURL...
 -> Target: EN">
curl: (3) URL rejected: Malformed input to a URL function
 -> Target: <html><head>
curl: (3) URL rejected: Bad hostname
 -> Target: title>
curl: (3) URL rejected: Malformed input to a URL function
 -> Target: head><body>
curl: (3) URL rejected: Bad hostname
 -> Target: h1>
curl: (3) URL rejected: Bad hostname
 -> Target: p>
curl: (3) URL rejected: Malformed input to a URL function
 -> Target: html>
curl: (3) URL rejected: Bad hostname
----------------------------------------------------
Processing: MPI-ESM1-2-HR | historical | tas
Links verified. Downloading NetCDF files via cURL...
 -> Target: EN">
curl: (3) URL rejected: Malformed input to a URL function
 -> Target: <html><head>
curl: (3) URL rejected: Bad hostname
 -> Target: title>
curl: (3) URL rejected: Malformed input to a URL function
 -> Target: head><body>
curl: (3) URL rejected: Bad hostname
 -> Target: h1>
curl: (3) URL rejected: Bad hostname
 -> Target: p>
curl: (3) URL rejected: Malformed input to a URL function
 -> Target: html>
curl: (3) URL rejected: Bad hostname
----------------------------------------------------
Processing: MPI-ESM1-2-HR | historical | ps
Links verified. Downloading NetCDF files via cURL...
 -> Target: EN">
curl: (3) URL rejected: Malformed input to a URL function
 -> Target: <html><head>
curl: (3) URL rejected: Bad hostname
 -> Target: title>
curl: (3) URL rejected: Malformed input to a URL function
 -> Target: head><body>
curl: (3) URL rejected: Bad hostname
 -> Target: h1>
curl: (3) URL rejected: Bad hostname
 -> Target: p>
curl: (3) URL rejected: Malformed input to a URL function
 -> Target: html>
curl: (3) URL rejected: Bad hostname
----------------------------------------------------
Processing: MPI-ESM1-2-HR | historical | od550aer
Links verified. Downloading NetCDF files via cURL...
 -> Target: EN">
curl: (3) URL rejected: Malformed input to a URL function
 -> Target: <html><head>
curl: (3) URL rejected: Bad hostname
 -> Target: title>
curl: (3) URL rejected: Malformed input to a URL function
 -> Target: head><body>
curl: (3) URL rejected: Bad hostname
 -> Target: h1>
curl: (3) URL rejected: Bad hostname
 -> Target: p>
curl: (3) URL rejected: Malformed input to a URL function
 -> Target: html>
curl: (3) URL rejected: Bad hostname
----------------------------------------------------
Processing: MPI-ESM1-2-HR | ssp245 | rsds
Links verified. Downloading NetCDF files via cURL...
 -> Target: EN">
curl: (3) URL rejected: Malformed input to a URL function
 -> Target: <html><head>
curl: (3) URL rejected: Bad hostname
 -> Target: title>
curl: (3) URL rejected: Malformed input to a URL function
 -> Target: head><body>
curl: (3) URL rejected: Bad hostname
 -> Target: h1>
curl: (3) URL rejected: Bad hostname
 -> Target: p>
curl: (3) URL rejected: Malformed input to a URL function
 -> Target: html>
curl: (3) URL rejected: Bad hostname
----------------------------------------------------
Processing: MPI-ESM1-2-HR | ssp245 | clt
Links verified. Downloading NetCDF files via cURL...
 -> Target: EN">
curl: (3) URL rejected: Malformed input to a URL function
 -> Target: <html><head>
curl: (3) URL rejected: Bad hostname
 -> Target: title>
curl: (3) URL rejected: Malformed input to a URL function
 -> Target: head><body>
curl: (3) URL rejected: Bad hostname
 -> Target: h1>
curl: (3) URL rejected: Bad hostname
 -> Target: p>
curl: (3) URL rejected: Malformed input to a URL function
 -> Target: html>
curl: (3) URL rejected: Bad hostname
----------------------------------------------------
Processing: MPI-ESM1-2-HR | ssp245 | huss
Links verified. Downloading NetCDF files via cURL...
 -> Target: EN">
curl: (3) URL rejected: Malformed input to a URL function
 -> Target: <html><head>
curl: (3) URL rejected: Bad hostname
 -> Target: title>
curl: (3) URL rejected: Malformed input to a URL function
 -> Target: head><body>
curl: (3) URL rejected: Bad hostname
 -> Target: h1>
curl: (3) URL rejected: Bad hostname
 -> Target: p>
curl: (3) URL rejected: Malformed input to a URL function
 -> Target: html>
curl: (3) URL rejected: Bad hostname
----------------------------------------------------
Processing: MPI-ESM1-2-HR | ssp245 | tas
Links verified. Downloading NetCDF files via cURL...
 -> Target: EN">
curl: (3) URL rejected: Malformed input to a URL function
 -> Target: <html><head>
curl: (3) URL rejected: Bad hostname
 -> Target: title>
curl: (3) URL rejected: Malformed input to a URL function
 -> Target: head><body>
curl: (3) URL rejected: Bad hostname
 -> Target: h1>
curl: (3) URL rejected: Bad hostname
 -> Target: p>
curl: (3) URL rejected: Malformed input to a URL function
 -> Target: html>
curl: (3) URL rejected: Bad hostname
----------------------------------------------------
Processing: MPI-ESM1-2-HR | ssp245 | ps
Links verified. Downloading NetCDF files via cURL...
 -> Target: EN">
curl: (3) URL rejected: Malformed input to a URL function
 -> Target: <html><head>
curl: (3) URL rejected: Bad hostname
 -> Target: title>
curl: (3) URL rejected: Malformed input to a URL function
 -> Target: head><body>
curl: (3) URL rejected: Bad hostname
 -> Target: h1>
curl: (3) URL rejected: Bad hostname
 -> Target: p>
curl: (3) URL rejected: Malformed input to a URL function
 -> Target: html>
curl: (3) URL rejected: Bad hostname
----------------------------------------------------
Processing: MPI-ESM1-2-HR | ssp245 | od550aer
Links verified. Downloading NetCDF files via cURL...
 -> Target: EN">
curl: (3) URL rejected: Malformed input to a URL function
 -> Target: <html><head>
curl: (3) URL rejected: Bad hostname
 -> Target: title>
curl: (3) URL rejected: Malformed input to a URL function
 -> Target: head><body>
curl: (3) URL rejected: Bad hostname
 -> Target: h1>
curl: (3) URL rejected: Bad hostname
 -> Target: p>
curl: (3) URL rejected: Malformed input to a URL function
 -> Target: html>
curl: (3) URL rejected: Bad hostname
----------------------------------------------------
Processing: MPI-ESM1-2-HR | ssp585 | rsds
Links verified. Downloading NetCDF files via cURL...
 -> Target: EN">
curl: (3) URL rejected: Malformed input to a URL function
 -> Target: <html><head>
curl: (3) URL rejected: Bad hostname
 -> Target: title>
curl: (3) URL rejected: Malformed input to a URL function
 -> Target: head><body>
curl: (3) URL rejected: Bad hostname
 -> Target: h1>
curl: (3) URL rejected: Bad hostname
 -> Target: p>
curl: (3) URL rejected: Malformed input to a URL function
 -> Target: html>
curl: (3) URL rejected: Bad hostname
----------------------------------------------------
Processing: MPI-ESM1-2-HR | ssp585 | clt
Links verified. Downloading NetCDF files via cURL...
 -> Target: EN">
curl: (3) URL rejected: Malformed input to a URL function
 -> Target: <html><head>
curl: (3) URL rejected: Bad hostname
 -> Target: title>
curl: (3) URL rejected: Malformed input to a URL function
 -> Target: head><body>
curl: (3) URL rejected: Bad hostname
 -> Target: h1>
curl: (3) URL rejected: Bad hostname
 -> Target: p>
curl: (3) URL rejected: Malformed input to a URL function
 -> Target: html>
curl: (3) URL rejected: Bad hostname
----------------------------------------------------
Processing: MPI-ESM1-2-HR | ssp585 | huss
Links verified. Downloading NetCDF files via cURL...
 -> Target: EN">
curl: (3) URL rejected: Malformed input to a URL function
 -> Target: <html><head>
curl: (3) URL rejected: Bad hostname
 -> Target: title>
curl: (3) URL rejected: Malformed input to a URL function
 -> Target: head><body>
curl: (3) URL rejected: Bad hostname
 -> Target: h1>
curl: (3) URL rejected: Bad hostname
 -> Target: p>
curl: (3) URL rejected: Malformed input to a URL function
 -> Target: html>
curl: (3) URL rejected: Bad hostname
----------------------------------------------------
Processing: MPI-ESM1-2-HR | ssp585 | tas
Links verified. Downloading NetCDF files via cURL...
 -> Target: EN">
curl: (3) URL rejected: Malformed input to a URL function
 -> Target: <html><head>
curl: (3) URL rejected: Bad hostname
 -> Target: title>
curl: (3) URL rejected: Malformed input to a URL function
 -> Target: head><body>
curl: (3) URL rejected: Bad hostname
 -> Target: h1>
curl: (3) URL rejected: Bad hostname
 -> Target: p>
curl: (3) URL rejected: Malformed input to a URL function
 -> Target: html>
curl: (3) URL rejected: Bad hostname
----------------------------------------------------
Processing: MPI-ESM1-2-HR | ssp585 | ps
Links verified. Downloading NetCDF files via cURL...
 -> Target: EN">
curl: (3) URL rejected: Malformed input to a URL function
 -> Target: <html><head>
curl: (3) URL rejected: Bad hostname
 -> Target: title>
curl: (3) URL rejected: Malformed input to a URL function
 -> Target: head><body>
curl: (3) URL rejected: Bad hostname
 -> Target: h1>
curl: (3) URL rejected: Bad hostname
 -> Target: p>
curl: (3) URL rejected: Malformed input to a URL function
 -> Target: html>
curl: (3) URL rejected: Bad hostname
----------------------------------------------------
Processing: MPI-ESM1-2-HR | ssp585 | od550aer
Links verified. Downloading NetCDF files via cURL...
 -> Target: EN">
curl: (3) URL rejected: Malformed input to a URL function
 -> Target: <html><head>
curl: (3) URL rejected: Bad hostname
 -> Target: title>
curl: (3) URL rejected: Malformed input to a URL function
 -> Target: head><body>
curl: (3) URL rejected: Bad hostname
 -> Target: h1>
curl: (3) URL rejected: Bad hostname
 -> Target: p>
curl: (3) URL rejected: Malformed input to a URL function
 -> Target: html>
curl: (3) URL rejected: Bad hostname
----------------------------------------------------
Processing: ACCESS-CM2 | historical | rsds
Links verified. Downloading NetCDF files via cURL...
 -> Target: EN">
curl: (3) URL rejected: Malformed input to a URL function
 -> Target: <html><head>
curl: (3) URL rejected: Bad hostname
 -> Target: title>
curl: (3) URL rejected: Malformed input to a URL function
 -> Target: head><body>
curl: (3) URL rejected: Bad hostname
 -> Target: h1>
curl: (3) URL rejected: Bad hostname
 -> Target: p>
curl: (3) URL rejected: Malformed input to a URL function
 -> Target: html>
curl: (3) URL rejected: Bad hostname
----------------------------------------------------
Processing: ACCESS-CM2 | historical | clt
Links verified. Downloading NetCDF files via cURL...
 -> Target: EN">
curl: (3) URL rejected: Malformed input to a URL function
 -> Target: <html><head>
curl: (3) URL rejected: Bad hostname
 -> Target: title>
curl: (3) URL rejected: Malformed input to a URL function
 -> Target: head><body>
curl: (3) URL rejected: Bad hostname
 -> Target: h1>
curl: (3) URL rejected: Bad hostname
 -> Target: p>
curl: (3) URL rejected: Malformed input to a URL function
 -> Target: html>
curl: (3) URL rejected: Bad hostname
----------------------------------------------------
Processing: ACCESS-CM2 | historical | huss
Links verified. Downloading NetCDF files via cURL...
 -> Target: EN">
curl: (3) URL rejected: Malformed input to a URL function
 -> Target: <html><head>
curl: (3) URL rejected: Bad hostname
 -> Target: title>
curl: (3) URL rejected: Malformed input to a URL function
 -> Target: head><body>
curl: (3) URL rejected: Bad hostname
 -> Target: h1>
curl: (3) URL rejected: Bad hostname
 -> Target: p>
curl: (3) URL rejected: Malformed input to a URL function
 -> Target: html>
curl: (3) URL rejected: Bad hostname
----------------------------------------------------
Processing: ACCESS-CM2 | historical | tas
Links verified. Downloading NetCDF files via cURL...
 -> Target: EN">
curl: (3) URL rejected: Malformed input to a URL function
 -> Target: <html><head>
curl: (3) URL rejected: Bad hostname
 -> Target: title>
curl: (3) URL rejected: Malformed input to a URL function
 -> Target: head><body>
curl: (3) URL rejected: Bad hostname
 -> Target: h1>
curl: (3) URL rejected: Bad hostname
 -> Target: p>
curl: (3) URL rejected: Malformed input to a URL function
 -> Target: html>
curl: (3) URL rejected: Bad hostname
----------------------------------------------------
Processing: ACCESS-CM2 | historical | ps
Links verified. Downloading NetCDF files via cURL...
 -> Target: EN">
curl: (3) URL rejected: Malformed input to a URL function
 -> Target: <html><head>
curl: (3) URL rejected: Bad hostname
 -> Target: title>
curl: (3) URL rejected: Malformed input to a URL function
 -> Target: head><body>
curl: (3) URL rejected: Bad hostname
 -> Target: h1>
curl: (3) URL rejected: Bad hostname
 -> Target: p>
curl: (3) URL rejected: Malformed input to a URL function
 -> Target: html>
curl: (3) URL rejected: Bad hostname
----------------------------------------------------
Processing: ACCESS-CM2 | historical | od550aer
Links verified. Downloading NetCDF files via cURL...
 -> Target: EN">
curl: (3) URL rejected: Malformed input to a URL function
 -> Target: <html><head>
curl: (3) URL rejected: Bad hostname
 -> Target: title>
curl: (3) URL rejected: Malformed input to a URL function
 -> Target: head><body>
curl: (3) URL rejected: Bad hostname
 -> Target: h1>
curl: (3) URL rejected: Bad hostname
 -> Target: p>
curl: (3) URL rejected: Malformed input to a URL function
 -> Target: html>
curl: (3) URL rejected: Bad hostname
----------------------------------------------------
Processing: ACCESS-CM2 | ssp245 | rsds
Links verified. Downloading NetCDF files via cURL...
 -> Target: EN">
curl: (3) URL rejected: Malformed input to a URL function
 -> Target: <html><head>
curl: (3) URL rejected: Bad hostname
 -> Target: title>
curl: (3) URL rejected: Malformed input to a URL function
 -> Target: head><body>
curl: (3) URL rejected: Bad hostname
 -> Target: h1>
curl: (3) URL rejected: Bad hostname
 -> Target: p>
curl: (3) URL rejected: Malformed input to a URL function
 -> Target: html>
curl: (3) URL rejected: Bad hostname
----------------------------------------------------
Processing: ACCESS-CM2 | ssp245 | clt
Links verified. Downloading NetCDF files via cURL...
 -> Target: EN">
curl: (3) URL rejected: Malformed input to a URL function
 -> Target: <html><head>
curl: (3) URL rejected: Bad hostname
 -> Target: title>
curl: (3) URL rejected: Malformed input to a URL function
 -> Target: head><body>
curl: (3) URL rejected: Bad hostname
 -> Target: h1>
curl: (3) URL rejected: Bad hostname
 -> Target: p>
curl: (3) URL rejected: Malformed input to a URL function
 -> Target: html>
curl: (3) URL rejected: Bad hostname
----------------------------------------------------
Processing: ACCESS-CM2 | ssp245 | huss
Links verified. Downloading NetCDF files via cURL...
 -> Target: EN">
curl: (3) URL rejected: Malformed input to a URL function
 -> Target: <html><head>
curl: (3) URL rejected: Bad hostname
 -> Target: title>
curl: (3) URL rejected: Malformed input to a URL function
 -> Target: head><body>
curl: (3) URL rejected: Bad hostname
 -> Target: h1>
curl: (3) URL rejected: Bad hostname
 -> Target: p>
curl: (3) URL rejected: Malformed input to a URL function
 -> Target: html>
curl: (3) URL rejected: Bad hostname
----------------------------------------------------
Processing: ACCESS-CM2 | ssp245 | tas
Links verified. Downloading NetCDF files via cURL...
 -> Target: EN">
curl: (3) URL rejected: Malformed input to a URL function
 -> Target: <html><head>
curl: (3) URL rejected: Bad hostname
 -> Target: title>
curl: (3) URL rejected: Malformed input to a URL function
 -> Target: head><body>
curl: (3) URL rejected: Bad hostname
 -> Target: h1>
curl: (3) URL rejected: Bad hostname
 -> Target: p>
curl: (3) URL rejected: Malformed input to a URL function
 -> Target: html>
curl: (3) URL rejected: Bad hostname
----------------------------------------------------
Processing: ACCESS-CM2 | ssp245 | ps
Links verified. Downloading NetCDF files via cURL...
 -> Target: EN">
curl: (3) URL rejected: Malformed input to a URL function
 -> Target: <html><head>
curl: (3) URL rejected: Bad hostname
 -> Target: title>
curl: (3) URL rejected: Malformed input to a URL function
 -> Target: head><body>
curl: (3) URL rejected: Bad hostname
 -> Target: h1>
curl: (3) URL rejected: Bad hostname
 -> Target: p>
curl: (3) URL rejected: Malformed input to a URL function
 -> Target: html>
curl: (3) URL rejected: Bad hostname
----------------------------------------------------
Processing: ACCESS-CM2 | ssp245 | od550aer
Links verified. Downloading NetCDF files via cURL...
 -> Target: EN">
curl: (3) URL rejected: Malformed input to a URL function
 -> Target: <html><head>
curl: (3) URL rejected: Bad hostname
 -> Target: title>
curl: (3) URL rejected: Malformed input to a URL function
 -> Target: head><body>
curl: (3) URL rejected: Bad hostname
 -> Target: h1>
curl: (3) URL rejected: Bad hostname
 -> Target: p>
curl: (3) URL rejected: Malformed input to a URL function
 -> Target: html>
curl: (3) URL rejected: Bad hostname
----------------------------------------------------
Processing: ACCESS-CM2 | ssp585 | rsds
Links verified. Downloading NetCDF files via cURL...
 -> Target: EN">
curl: (3) URL rejected: Malformed input to a URL function
 -> Target: <html><head>
curl: (3) URL rejected: Bad hostname
 -> Target: title>
curl: (3) URL rejected: Malformed input to a URL function
 -> Target: head><body>
curl: (3) URL rejected: Bad hostname
 -> Target: h1>
curl: (3) URL rejected: Bad hostname
 -> Target: p>
curl: (3) URL rejected: Malformed input to a URL function
 -> Target: html>
curl: (3) URL rejected: Bad hostname
----------------------------------------------------
Processing: ACCESS-CM2 | ssp585 | clt
Links verified. Downloading NetCDF files via cURL...
 -> Target: EN">
curl: (3) URL rejected: Malformed input to a URL function
 -> Target: <html><head>
curl: (3) URL rejected: Bad hostname
 -> Target: title>
curl: (3) URL rejected: Malformed input to a URL function
 -> Target: head><body>
curl: (3) URL rejected: Bad hostname
 -> Target: h1>
curl: (3) URL rejected: Bad hostname
 -> Target: p>
curl: (3) URL rejected: Malformed input to a URL function
 -> Target: html>
curl: (3) URL rejected: Bad hostname
----------------------------------------------------
Processing: ACCESS-CM2 | ssp585 | huss
Links verified. Downloading NetCDF files via cURL...
 -> Target: EN">
curl: (3) URL rejected: Malformed input to a URL function
 -> Target: <html><head>
curl: (3) URL rejected: Bad hostname
 -> Target: title>
curl: (3) URL rejected: Malformed input to a URL function
 -> Target: head><body>
curl: (3) URL rejected: Bad hostname
 -> Target: h1>
curl: (3) URL rejected: Bad hostname
 -> Target: p>
curl: (3) URL rejected: Malformed input to a URL function
 -> Target: html>
curl: (3) URL rejected: Bad hostname
----------------------------------------------------
Processing: ACCESS-CM2 | ssp585 | tas
Links verified. Downloading NetCDF files via cURL...
 -> Target: EN">
curl: (3) URL rejected: Malformed input to a URL function
 -> Target: <html><head>
curl: (3) URL rejected: Bad hostname
 -> Target: title>
curl: (3) URL rejected: Malformed input to a URL function
 -> Target: head><body>
curl: (3) URL rejected: Bad hostname
 -> Target: h1>
curl: (3) URL rejected: Bad hostname
 -> Target: p>
curl: (3) URL rejected: Malformed input to a URL function
 -> Target: html>
curl: (3) URL rejected: Bad hostname
----------------------------------------------------
Processing: ACCESS-CM2 | ssp585 | ps
Links verified. Downloading NetCDF files via cURL...
 -> Target: EN">
curl: (3) URL rejected: Malformed input to a URL function
 -> Target: <html><head>
curl: (3) URL rejected: Bad hostname
 -> Target: title>
curl: (3) URL rejected: Malformed input to a URL function
 -> Target: head><body>
curl: (3) URL rejected: Bad hostname
 -> Target: h1>
curl: (3) URL rejected: Bad hostname
 -> Target: p>
curl: (3) URL rejected: Malformed input to a URL function
 -> Target: html>
curl: (3) URL rejected: Bad hostname
----------------------------------------------------
Processing: ACCESS-CM2 | ssp585 | od550aer
Links verified. Downloading NetCDF files via cURL...
 -> Target: EN">
curl: (3) URL rejected: Malformed input to a URL function
 -> Target: <html><head>
curl: (3) URL rejected: Bad hostname
 -> Target: title>
curl: (3) URL rejected: Malformed input to a URL function
 -> Target: head><body>
curl: (3) URL rejected: Bad hostname
 -> Target: h1>
curl: (3) URL rejected: Bad hostname
 -> Target: p>
curl: (3) URL rejected: Malformed input to a URL function
 -> Target: html>
curl: (3) URL rejected: Bad hostname
======================================================================
Pipeline Complete! All files safely stored in 'raw_climate_data/'
======================================================================
